// Jest Snapshot v1, https://goo.gl/fbAQLP

exports[`Feed renders 1`] = `
<div>
  <div>
    Feed
  </div>
</div>
`;
